[
    {
        "name": "x",
        "type": {
            "name": "i32",
            "is_pointer": false,
            "generic_args": null,
            "kind": "TypeNode"
        },
        "value": {
            "value": 5,
            "kind": "IntLiteral"
        },
        "is_const": false,
        "kind": "VarDecl"
    },
    {
        "name": "y",
        "type": {
            "name": "f32",
            "is_pointer": false,
            "generic_args": null,
            "kind": "TypeNode"
        },
        "value": {
            "value": 3.14,
            "kind": "FloatLiteral"
        },
        "is_const": false,
        "kind": "VarDecl"
    },
    {
        "name": "z",
        "type": {
            "name": "i64",
            "is_pointer": false,
            "generic_args": null,
            "kind": "TypeNode"
        },
        "value": {
            "value": 100,
            "kind": "IntLiteral"
        },
        "is_const": false,
        "kind": "VarDecl"
    },
    {
        "name": "flag",
        "type": {
            "name": "bool",
            "is_pointer": false,
            "generic_args": null,
            "kind": "TypeNode"
        },
        "value": {
            "name": "other",
            "kind": "Identifier"
        },
        "is_const": false,
        "kind": "VarDecl"
    },
    {
        "name": "name",
        "type": {
            "name": "str",
            "is_pointer": false,
            "generic_args": null,
            "kind": "TypeNode"
        },
        "value": {
            "name": "some_var",
            "kind": "Identifier"
        },
        "is_const": false,
        "kind": "VarDecl"
    },
    {
        "name": "limit",
        "type": {
            "name": "i32",
            "is_pointer": false,
            "generic_args": null,
            "kind": "TypeNode"
        },
        "value": {
            "value": 100,
            "kind": "IntLiteral"
        },
        "is_const": true,
        "kind": "VarDecl"
    },
    {
        "name": "msg",
        "type": {
            "name": "str",
            "is_pointer": false,
            "generic_args": null,
            "kind": "TypeNode"
        },
        "value": {
            "name": "label",
            "kind": "Identifier"
        },
        "is_const": true,
        "kind": "VarDecl"
    },
    {
        "name": "items",
        "type": {
            "name": "list",
            "is_pointer": false,
            "generic_args": [
                {
                    "name": "i32",
                    "is_pointer": false,
                    "generic_args": null,
                    "kind": "TypeNode"
                }
            ],
            "kind": "TypeNode"
        },
        "value": {
            "name": "mylist",
            "kind": "Identifier"
        },
        "is_const": false,
        "kind": "VarDecl"
    },
    {
        "name": "pairs",
        "type": {
            "name": "list",
            "is_pointer": false,
            "generic_args": [
                {
                    "name": "str",
                    "is_pointer": false,
                    "generic_args": null,
                    "kind": "TypeNode"
                }
            ],
            "kind": "TypeNode"
        },
        "value": {
            "name": "strlist",
            "kind": "Identifier"
        },
        "is_const": false,
        "kind": "VarDecl"
    },
    {
        "name": "nested",
        "type": {
            "name": "list",
            "is_pointer": false,
            "generic_args": [
                {
                    "name": "list",
                    "is_pointer": false,
                    "generic_args": [
                        {
                            "name": "i32",
                            "is_pointer": false,
                            "generic_args": null,
                            "kind": "TypeNode"
                        }
                    ],
                    "kind": "TypeNode"
                }
            ],
            "kind": "TypeNode"
        },
        "value": {
            "name": "matrix",
            "kind": "Identifier"
        },
        "is_const": false,
        "kind": "VarDecl"
    },
    {
        "name": "p",
        "type": {
            "name": "i32",
            "is_pointer": true,
            "generic_args": null,
            "kind": "TypeNode"
        },
        "value": {
            "name": "addr",
            "kind": "Identifier"
        },
        "is_const": false,
        "kind": "VarDecl"
    },
    {
        "name": "q",
        "type": {
            "name": "str",
            "is_pointer": true,
            "generic_args": null,
            "kind": "TypeNode"
        },
        "value": {
            "name": "sptr",
            "kind": "Identifier"
        },
        "is_const": false,
        "kind": "VarDecl"
    },
    {
        "name": "r",
        "type": {
            "name": "i32",
            "is_pointer": true,
            "generic_args": null,
            "kind": "TypeNode"
        },
        "value": {
            "name": "cptr",
            "kind": "Identifier"
        },
        "is_const": true,
        "kind": "VarDecl"
    },
    {
        "name": "s",
        "type": {
            "name": "list",
            "is_pointer": true,
            "generic_args": [
                {
                    "name": "i32",
                    "is_pointer": false,
                    "generic_args": null,
                    "kind": "TypeNode"
                }
            ],
            "kind": "TypeNode"
        },
        "value": {
            "name": "lptr",
            "kind": "Identifier"
        },
        "is_const": false,
        "kind": "VarDecl"
    }
]